// Jest Snapshot v1, https://goo.gl/fbAQLP

exports[`Counter should render the component 1`] = `
<div>
  <h1>
    Counter
  </h1>
  <div
    class="card"
  >
    <button>
      count is 0
    </button>
    <p>
      This is an Empty App
    </p>
  </div>
</div>
`;
